# K7-1 — topology-routed group voting vs the candidate-blind group

- registration: K7-1 (koalisi #90)
- prereg: `docs/k7/prereg-K7-1-topology-routed-group.md` (Amendments 1 and 2 included)
- koalisi: v0.38.0
- seeds: 90..120 (30 seeds)
- outcome signal: RoleCoverage
- world: `WorkflowSpec::default()` — universe_bits 8, pool 4..=16, caps_per_agent 1..=4, trust 20..=99, tasks 20, required_bits 2..=8, roles 3, redraw_cap 1000, fanout_denom 4, performance None

## Gates

- **X-battery** — checked outside this binary: one serial run of `examples/strategy_comparison.rs` diffed against `docs/runs/K4-archive.log` with the latency column stripped (`docs/runs/README.md`).
- **X-host** — checked outside this binary: `cargo test --features harness,decision,process --test k7_group_host`.
- **X-identity — PASS.** `grp-topo-id` (λ = 0, the `RoutedAggregator` path) against `grp-role` per seed on trace entries (leave flag, act, raw score bits), PRIMARY bits and churn: 30/30 seeds identical.
- **X-recon — PASS.** PRIMARY recomputed from the final member sets reconstructed from the arrival orders and the trace (every trace consumed exactly) against `WorkflowResult::primary`, bitwise, per cell and seed: `grp-role` 30/30 · `grp-role-blind` 30/30 · `grp-topo` 30/30 · `grp-topo-id` 30/30 · `grp-topo-q` 30/30 · `grp-topo-solo` 30/30 · `ref-prune` 30/30 · `wf-asis` 30/30. Disclosure, not part of the predicate: recomputed churn equals `WorkflowResult::churn` on 240/240 cell-seeds.
- **S-determinism — PASS.** Every group cell re-run from scratch and compared per seed on trace entries, PRIMARY bits and churn: `grp-role` 30/30 · `grp-role-blind` 30/30 · `grp-topo` 30/30 · `grp-topo-id` 30/30 · `grp-topo-q` 30/30 · `grp-topo-solo` 30/30.
- **Seed invariance — PASS.** `grp-topo` rebuilt with `battery_seed = seed ^ 0x9E3779B97F4A7C15`, same comparison: 30/30 seeds identical.
- **S-learn (i) — PASS.** Per seed and cell: `s_learn_exact()`, `models_moved(..).ok` with its `expected == 0` exemption and non-vacuity tolerance `S_LEARN_VACUITY_TOL` = 1e-9, `begin_task_rejections == 0`: `grp-role` 30/30 · `grp-role-blind` 30/30 · `grp-topo` 30/30 · `grp-topo-id` 30/30 · `grp-topo-q` 30/30 · `grp-topo-solo` 30/30.
- **S-route — PASS.** Per seed on `grp-topo`, `grp-topo-q`, `grp-topo-solo`: `routed_reads` == ledger reads with `candidate_sensitive >= 1` and `roster >= 2`, block total > 0; on `grp-topo-id`, `grp-role`, `grp-role-blind`: `routed_reads == 0`. Block totals: `grp-topo` 8602 · `grp-topo-q` 8613 · `grp-topo-solo` 8602 · `grp-topo-id` 0 · `grp-role` 0 · `grp-role-blind` 0.
- S-learn (i) exempt models (`expected == 0`), as `(seed, model)`:
  - `grp-role`: (107, r1)
  - `grp-role-blind`: (107, r1)
  - `grp-topo`: (107, r1)
  - `grp-topo-id`: (107, r1)
  - `grp-topo-q`: (107, r1)
  - `grp-topo-solo`: (107, r1)

## Arms (pooled)

| arm | role | median PRIMARY | vs `grp-role` | superior seeds vs `grp-role` | median churn | median µs/decision |
|---|---|---:|---:|---:|---:|---:|
| `grp-role` | control | 0.1764 | 1.0000× | 0/30 | 195.00 | 51.082 |
| `grp-role-blind` | second control | 0.0123 | 0.0698× | 0/30 | 194.00 | 51.058 |
| `grp-topo` | confirmatory | 0.4258 | 2.4144× | 30/30 | 156.00 | 51.487 |
| `grp-topo-id` | X-identity cell | 0.1764 | 1.0000× | 0/30 | 195.00 | 50.710 |
| `grp-topo-q` | exploratory | 0.4258 | 2.4144× | 30/30 | 156.00 | 50.542 |
| `grp-topo-solo` | exploratory | 0.4258 | 2.4144× | 30/30 | 156.00 | 50.579 |
| `ref-prune` | reference | 0.4258 | 2.4144× | 30/30 | 167.00 | 0.137 |
| `wf-asis` | context | 0.1522 | 0.8628× | 13/30 | 7.00 | 14.187 |

## Per seed

| seed | n | `grp-role` | `grp-role-blind` | `grp-topo` | `grp-topo-id` | `grp-topo-q` | `grp-topo-solo` | `ref-prune` | `wf-asis` | churn `grp-role` | churn `grp-topo` |
|---:|---:|---:|---:|---:|---:|---:|---:|---:|---:|---:|---:|
| 90 | 12 | 0.1292 | 0.0131 | 0.3825 | 0.1292 | 0.3825 | 0.3825 | 0.3825 | 0.1482 | 205 | 174 |
| 91 | 9 | 0.3150 | 0.0474 | 0.4392 | 0.3150 | 0.4392 | 0.4392 | 0.4392 | 0.1263 | 132 | 115 |
| 92 | 16 | 0.1105 | 0.0000 | 0.3625 | 0.1105 | 0.3625 | 0.3625 | 0.3625 | 0.0712 | 290 | 238 |
| 93 | 14 | 0.1850 | 0.0211 | 0.3767 | 0.1850 | 0.3767 | 0.3767 | 0.3767 | 0.1165 | 230 | 195 |
| 94 | 11 | 0.0814 | 0.0091 | 0.3867 | 0.0814 | 0.3867 | 0.3867 | 0.3867 | 0.1836 | 197 | 151 |
| 95 | 16 | 0.3269 | 0.0000 | 0.4333 | 0.3269 | 0.4333 | 0.4333 | 0.4333 | 0.1164 | 274 | 263 |
| 96 | 6 | 0.5115 | 0.0864 | 0.5708 | 0.5115 | 0.5708 | 0.5708 | 0.5708 | 0.2085 | 79 | 74 |
| 97 | 15 | 0.0211 | 0.0107 | 0.3325 | 0.0211 | 0.3325 | 0.3325 | 0.3325 | 0.0596 | 282 | 224 |
| 98 | 8 | 0.2085 | 0.1322 | 0.4473 | 0.2085 | 0.4473 | 0.4473 | 0.4708 | 0.3483 | 126 | 108 |
| 99 | 11 | 0.1678 | 0.0000 | 0.4575 | 0.1678 | 0.4575 | 0.4575 | 0.4575 | 0.1202 | 188 | 150 |
| 100 | 11 | 0.3135 | 0.0111 | 0.4667 | 0.3135 | 0.4667 | 0.4667 | 0.4667 | 0.1419 | 179 | 156 |
| 101 | 13 | 0.0860 | 0.0000 | 0.3442 | 0.0860 | 0.3442 | 0.3442 | 0.3442 | 0.0780 | 223 | 174 |
| 102 | 10 | 0.2144 | 0.0147 | 0.4933 | 0.2144 | 0.4933 | 0.4933 | 0.4933 | 0.1331 | 171 | 146 |
| 103 | 9 | 0.1216 | 0.0115 | 0.4183 | 0.1216 | 0.4183 | 0.4183 | 0.4183 | 0.1562 | 154 | 117 |
| 104 | 15 | 0.0711 | 0.0101 | 0.3508 | 0.0711 | 0.3508 | 0.3508 | 0.3508 | 0.1757 | 265 | 226 |
| 105 | 15 | 0.1082 | 0.0000 | 0.3758 | 0.1082 | 0.3758 | 0.3758 | 0.3758 | 0.1338 | 258 | 216 |
| 106 | 13 | 0.0400 | 0.0091 | 0.3867 | 0.0400 | 0.3867 | 0.3867 | 0.3867 | 0.0902 | 252 | 189 |
| 107 | 7 | 0.4394 | 0.2108 | 0.4625 | 0.4394 | 0.4625 | 0.4625 | 0.4625 | 0.3892 | 89 | 88 |
| 108 | 11 | 0.0957 | 0.0304 | 0.4142 | 0.0957 | 0.4142 | 0.4142 | 0.4142 | 0.1159 | 195 | 156 |
| 109 | 4 | 0.5621 | 0.0481 | 0.5917 | 0.5621 | 0.5917 | 0.5917 | 0.5917 | 0.3200 | 42 | 41 |
| 110 | 16 | 0.0612 | 0.0000 | 0.2961 | 0.0612 | 0.3142 | 0.2961 | 0.3142 | 0.1167 | 293 | 226 |
| 111 | 14 | 0.3462 | 0.0141 | 0.4475 | 0.3462 | 0.4475 | 0.4475 | 0.4475 | 0.1921 | 236 | 212 |
| 112 | 12 | 0.1415 | 0.0267 | 0.3933 | 0.1415 | 0.3933 | 0.3933 | 0.3933 | 0.1583 | 206 | 177 |
| 113 | 14 | 0.1948 | 0.0259 | 0.4767 | 0.1948 | 0.4767 | 0.4767 | 0.4767 | 0.2109 | 247 | 213 |
| 114 | 4 | 0.6000 | 0.2896 | 0.6833 | 0.6000 | 0.6833 | 0.6833 | 0.6833 | 0.3750 | 47 | 42 |
| 115 | 9 | 0.1594 | 0.0104 | 0.3767 | 0.1594 | 0.3767 | 0.3767 | 0.3767 | 0.1591 | 147 | 114 |
| 116 | 9 | 0.5078 | 0.1205 | 0.5958 | 0.5078 | 0.5958 | 0.5958 | 0.5958 | 0.2370 | 138 | 135 |
| 117 | 12 | 0.2627 | 0.0332 | 0.4458 | 0.2627 | 0.4458 | 0.4458 | 0.4458 | 0.1618 | 195 | 173 |
| 118 | 9 | 0.3375 | 0.0000 | 0.4517 | 0.3375 | 0.4517 | 0.4517 | 0.4517 | 0.1282 | 136 | 118 |
| 119 | 8 | 0.0240 | 0.0000 | 0.3217 | 0.0240 | 0.3217 | 0.3217 | 0.3217 | 0.1811 | 144 | 81 |

## H-T (confirmatory — both conjuncts, against in-battery `grp-role`)

- conjunct 1 — control median > 0 and median PRIMARY ratio ≥ 1.25×: `grp-topo` 0.4258 / `grp-role` 0.1764 = 2.4144× — **PASS**
- conjunct 2 — strictly superior on ≥ 18/30 seeds: 30/30 — **PASS**
- H-T: **PASS**

## H-S (structural answer to part (i) — counted, not a bar)

| cell | reads | every readout row sensitive | no readout row sensitive | mean blind-origin mass share |
|---|---:|---:|---:|---:|
| `grp-role` | 12651 | 6.2 % | 24.3 % | 0.638 |
| `grp-role-blind` | 12716 | 100.0 % | 0.0 % | 0.000 |
| `grp-topo` | 12388 | 75.6 % | 24.4 % | 0.427 |
| `grp-topo-id` | 12651 | 6.2 % | 24.3 % | 0.638 |
| `grp-topo-q` | 12399 | 75.7 % | 24.3 % | 0.522 |
| `grp-topo-solo` | 12388 | 75.6 % | 24.4 % | 0.244 |

- `grp-topo` centre-present reads with every readout row sensitive: 9370 of 9370; centre-absent reads with no readout row sensitive: 3018 of 3018.
- X is the share of `grp-topo`'s successful reads with `sensitive_rows == 0`: 24.4 % (3018 of 12388); of those 3018 reads the centre is off the roster on 3018. Every cell's share is the table's *no readout row sensitive* column.
- *"every voter is candidate-sensitive on the centre-present reads and on no centre-absent read; the centre-absent share is 24.4 %"*

## S-live (disclosure — compared by position up to the shorter trace)

The ACT and score-bit counts are positional; an upper bound after the first divergence. The uncontaminated readings are *seeds with any act difference* and E-follow.

| `grp-topo` vs `grp-role`, seed | decisions differing by ACT (positional; an upper bound after the first divergence) | decisions differing by raw score bits (positional; an upper bound after the first divergence) | length difference |
|---:|---:|---:|---:|
| 90 | 88 | 255 | 3 |
| 91 | 89 | 202 | 5 |
| 92 | 98 | 298 | 19 |
| 93 | 97 | 287 | 21 |
| 94 | 57 | 189 | 10 |
| 95 | 68 | 228 | 5 |
| 96 | 69 | 130 | 1 |
| 97 | 82 | 291 | 11 |
| 98 | 57 | 140 | 7 |
| 99 | 82 | 252 | 18 |
| 100 | 70 | 187 | 9 |
| 101 | 92 | 268 | 14 |
| 102 | 69 | 221 | 7 |
| 103 | 84 | 234 | 6 |
| 104 | 81 | 310 | 4 |
| 105 | 108 | 326 | 19 |
| 106 | 79 | 268 | 7 |
| 107 | 15 | 117 | 0 |
| 108 | 72 | 252 | 7 |
| 109 | 35 | 84 | 0 |
| 110 | 101 | 286 | 20 |
| 111 | 89 | 258 | 17 |
| 112 | 69 | 250 | 5 |
| 113 | 76 | 239 | 13 |
| 114 | 18 | 61 | 1 |
| 115 | 71 | 200 | 7 |
| 116 | 67 | 149 | 1 |
| 117 | 57 | 196 | 6 |
| 118 | 76 | 192 | 10 |
| 119 | 78 | 204 | 10 |

| pair (pooled) | decisions differing by ACT (positional; an upper bound after the first divergence) | decisions differing by raw score bits (positional; an upper bound after the first divergence) | seeds with any act difference | total length difference |
|---|---:|---:|---:|---:|
| `grp-topo` vs `grp-role` | 2194 | 6574 | 30/30 | 263 |

## E-λ (registered exploratory, non-gating)

| pair (pooled) | decisions differing by ACT (positional; an upper bound after the first divergence) | decisions differing by raw score bits (positional; an upper bound after the first divergence) | seeds with any act difference | total length difference |
|---|---:|---:|---:|---:|
| `grp-topo-q` vs `grp-topo` | 323 | 4040 | 5/30 | 11 |
| `grp-topo-solo` vs `grp-topo` | 0 | 3805 | 0/30 | 0 |

- median PRIMARY: `grp-topo` 0.4258 · `grp-topo-q` 0.4258 · `grp-topo-solo` 0.4258

## E-follow (every group cell, all centre-present reads, from the `AgreementSample` ledger)

| cell | join reads: group act == centre's own argmax | leave reads | all reads |
|---|---:|---:|---:|
| `grp-role` | 97.6 % (4480 of 4590) | 85.5 % (4271 of 4993) | 91.3 % (8751 of 9583) |
| `grp-role-blind` | 99.2 % (4555 of 4590) | 92.3 % (4650 of 5038) | 95.6 % (9205 of 9628) |
| `grp-topo` | 100.0 % (4590 of 4590) | 100.0 % (4780 of 4780) | 100.0 % (9370 of 9370) |
| `grp-topo-id` | 97.6 % (4480 of 4590) | 85.5 % (4271 of 4993) | 91.3 % (8751 of 9583) |
| `grp-topo-q` | 99.8 % (4582 of 4590) | 100.0 % (4791 of 4791) | 99.9 % (9373 of 9381) |
| `grp-topo-solo` | 100.0 % (4590 of 4590) | 100.0 % (4780 of 4780) | 100.0 % (9370 of 9370) |

## `ref-prune` identity (Amendment A2.2, non-gating)

| cell | tasks with final member set identical to `ref-prune`'s | seeds with PRIMARY bit-identical to `ref-prune`'s |
|---|---:|---:|
| `grp-role` | 51.7 % (310 of 600) | 0 of 30 |
| `grp-role-blind` | 10.7 % (64 of 600) | 0 of 30 |
| `grp-topo` | 99.7 % (598 of 600) | 28 of 30 |
| `grp-topo-id` | 51.7 % (310 of 600) | 0 of 30 |
| `grp-topo-q` | 99.8 % (599 of 600) | 29 of 30 |
| `grp-topo-solo` | 99.7 % (598 of 600) | 28 of 30 |

### A2.2 pre-committed reading

`grp-topo` matches `ref-prune` on 598 of 600 tasks (≥ 95 %): *"`grp-topo`'s PRIMARY is the PRIMARY of a learning-free arrival-order redundancy prune; S-learn (i) certifies that the models learn, not that learning changes an outcome."*

## Outcome decomposition (Amendment A2.3, non-gating; from the reconstruction)

| cell | roster | tasks | success rate | mean covered fraction | mean cov_eff | mean final size | tasks ending empty | final members whose role has no demand |
|---|---|---:|---:|---:|---:|---:|---:|---:|
| `grp-role` | all | 600 | 51.7 % | 0.6869 | 0.3848 | 1.62 | 111 | 0 of 971 |
| `grp-role` | 1 | 98 | 88.8 % | 0.9456 | 0.7279 | 1.48 | 0 | 0 of 145 |
| `grp-role` | 2 | 343 | 65.0 % | 0.8595 | 0.4279 | 2.12 | 2 | 0 of 726 |
| `grp-role` | 3 | 159 | 0.0 % | 0.1552 | 0.0803 | 0.63 | 109 | 0 of 100 |
| `grp-role-blind` | all | 600 | 10.7 % | 0.3585 | 0.2622 | 1.37 | 35 | 191 of 823 |
| `grp-role-blind` | 1 | 98 | 37.8 % | 0.4920 | 0.3754 | 1.47 | 0 | 69 of 144 |
| `grp-role-blind` | 2 | 343 | 7.9 % | 0.3976 | 0.2740 | 1.51 | 9 | 122 of 519 |
| `grp-role-blind` | 3 | 159 | 0.0 % | 0.1918 | 0.1671 | 1.01 | 26 | 0 of 160 |
| `grp-topo` | all | 600 | 99.7 % | 0.9982 | 0.4340 | 2.73 | 0 | 0 of 1636 |
| `grp-topo` | 1 | 98 | 100.0 % | 1.0000 | 0.7313 | 1.58 | 0 | 0 of 155 |
| `grp-topo` | 2 | 343 | 99.7 % | 0.9981 | 0.4281 | 2.48 | 0 | 0 of 849 |
| `grp-topo` | 3 | 159 | 99.4 % | 0.9975 | 0.2635 | 3.97 | 0 | 0 of 632 |
| `grp-topo-id` | all | 600 | 51.7 % | 0.6869 | 0.3848 | 1.62 | 111 | 0 of 971 |
| `grp-topo-id` | 1 | 98 | 88.8 % | 0.9456 | 0.7279 | 1.48 | 0 | 0 of 145 |
| `grp-topo-id` | 2 | 343 | 65.0 % | 0.8595 | 0.4279 | 2.12 | 2 | 0 of 726 |
| `grp-topo-id` | 3 | 159 | 0.0 % | 0.1552 | 0.0803 | 0.63 | 109 | 0 of 100 |
| `grp-topo-q` | all | 600 | 99.8 % | 0.9989 | 0.4341 | 2.73 | 0 | 0 of 1637 |
| `grp-topo-q` | 1 | 98 | 100.0 % | 1.0000 | 0.7313 | 1.58 | 0 | 0 of 155 |
| `grp-topo-q` | 2 | 343 | 99.7 % | 0.9981 | 0.4281 | 2.48 | 0 | 0 of 849 |
| `grp-topo-q` | 3 | 159 | 100.0 % | 1.0000 | 0.2638 | 3.98 | 0 | 0 of 633 |
| `grp-topo-solo` | all | 600 | 99.7 % | 0.9982 | 0.4340 | 2.73 | 0 | 0 of 1636 |
| `grp-topo-solo` | 1 | 98 | 100.0 % | 1.0000 | 0.7313 | 1.58 | 0 | 0 of 155 |
| `grp-topo-solo` | 2 | 343 | 99.7 % | 0.9981 | 0.4281 | 2.48 | 0 | 0 of 849 |
| `grp-topo-solo` | 3 | 159 | 99.4 % | 0.9975 | 0.2635 | 3.97 | 0 | 0 of 632 |
| `ref-prune` | all | 600 | 100.0 % | 1.0000 | 0.4341 | 2.73 | 0 | 0 of 1639 |
| `ref-prune` | 1 | 98 | 100.0 % | 1.0000 | 0.7313 | 1.58 | 0 | 0 of 155 |
| `ref-prune` | 2 | 343 | 100.0 % | 1.0000 | 0.4281 | 2.48 | 0 | 0 of 851 |
| `ref-prune` | 3 | 159 | 100.0 % | 1.0000 | 0.2638 | 3.98 | 0 | 0 of 633 |
| `wf-asis` | all | 600 | 76.5 % | 0.9226 | 0.2161 | 5.01 | 0 | 648 of 3005 |
| `wf-asis` | 1 | 98 | 82.7 % | 0.9103 | 0.2854 | 3.66 | 0 | 202 of 359 |
| `wf-asis` | 2 | 343 | 79.9 % | 0.9282 | 0.2279 | 4.64 | 0 | 446 of 1591 |
| `wf-asis` | 3 | 159 | 65.4 % | 0.9180 | 0.1481 | 6.64 | 0 | 0 of 1055 |

### Act rates and churn by centre (group cells, from the `AgreementSample` ledger)

| cell | join act: centre-present | join act: centre-absent | leave act: centre-present | leave act: centre-absent | churn: centre-present | churn: centre-absent | churn (harness) |
|---|---:|---:|---:|---:|---:|---:|---:|
| `grp-role` | 99.0 % (4543 of 4590) | 98.5 % (1448 of 1470) | 80.6 % (4022 of 4993) | 100.0 % (1598 of 1598) | 4022 | 1598 | 5620 |
| `grp-role-blind` | 100.0 % (4588 of 4590) | 99.9 % (1468 of 1470) | 87.5 % (4406 of 5038) | 88.2 % (1427 of 1618) | 4406 | 1427 | 5833 |
| `grp-topo` | 94.3 % (4330 of 4590) | 95.1 % (1398 of 1470) | 65.8 % (3144 of 4780) | 100.0 % (1548 of 1548) | 3144 | 1548 | 4692 |
| `grp-topo-id` | 99.0 % (4543 of 4590) | 98.5 % (1448 of 1470) | 80.6 % (4022 of 4993) | 100.0 % (1598 of 1598) | 4022 | 1598 | 5620 |
| `grp-topo-q` | 94.6 % (4341 of 4590) | 95.1 % (1398 of 1470) | 65.8 % (3154 of 4791) | 100.0 % (1548 of 1548) | 3154 | 1548 | 4702 |
| `grp-topo-solo` | 94.3 % (4330 of 4590) | 95.1 % (1398 of 1470) | 65.8 % (3144 of 4780) | 100.0 % (1548 of 1548) | 3144 | 1548 | 4692 |

### (read kind, roster, centre vote, blind act votes) → group acts of n

| read | roster | centre vote | blind act votes | `grp-role` | `grp-role-blind` | `grp-topo` | `grp-topo-id` | `grp-topo-q` | `grp-topo-solo` |
|---|---:|---|---:|---:|---:|---:|---:|---:|---:|
| join | 1 | absent | 0 | 0 of 9 | 526 of 528 | 0 of 34 | 0 of 9 | 0 of 34 | 0 of 34 |
| join | 1 | absent | 1 | 519 of 519 | — | 494 of 494 | 519 of 519 | 494 of 494 | 494 of 494 |
| join | 1 | decline | 0 | 0 of 2 | — | 0 of 14 | 0 of 2 | 0 of 14 | 0 of 14 |
| join | 1 | act | 0 | 371 of 371 | 373 of 373 | 359 of 359 | 371 of 371 | 359 of 359 | 359 of 359 |
| join | 2 | absent | 0 | 0 of 4 | 942 of 942 | 0 of 22 | 0 of 4 | 0 of 22 | 0 of 22 |
| join | 2 | absent | 1 | 137 of 146 | — | 191 of 207 | 137 of 146 | 191 of 207 | 191 of 207 |
| join | 2 | absent | 2 | 792 of 792 | — | 713 of 713 | 792 of 792 | 713 of 713 | 713 of 713 |
| join | 2 | decline | 0 | 0 of 11 | 27 of 28 | 0 of 26 | 0 of 11 | 0 of 26 | 0 of 26 |
| join | 2 | decline | 1 | 68 of 81 | — | 0 of 132 | 68 of 81 | 3 of 133 | 0 of 132 |
| join | 2 | act | 0 | 171 of 180 | 2433 of 2434 | 314 of 314 | 171 of 180 | 314 of 314 | 314 of 314 |
| join | 2 | act | 1 | 2190 of 2190 | — | 1990 of 1990 | 2190 of 2190 | 1989 of 1989 | 1990 of 1990 |
| join | 3 | decline | 0 | — | 7 of 7 | 0 of 10 | — | 0 of 10 | 0 of 10 |
| join | 3 | decline | 1 | 0 of 6 | — | 0 of 22 | 0 of 6 | 0 of 22 | 0 of 22 |
| join | 3 | decline | 2 | 27 of 27 | — | 0 of 56 | 27 of 27 | 5 of 52 | 0 of 56 |
| join | 3 | act | 0 | 0 of 6 | 1748 of 1748 | 29 of 29 | 0 of 6 | 29 of 29 | 29 of 29 |
| join | 3 | act | 1 | 120 of 120 | — | 292 of 292 | 120 of 120 | 284 of 284 | 292 of 292 |
| join | 3 | act | 2 | 1596 of 1596 | — | 1346 of 1346 | 1596 of 1596 | 1358 of 1358 | 1346 of 1346 |
| leave | 1 | absent | 0 | — | 519 of 588 | — | — | — | — |
| leave | 1 | absent | 1 | 581 of 581 | — | 556 of 556 | 581 of 581 | 556 of 556 | 556 of 556 |
| leave | 1 | decline | 0 | 0 of 145 | 0 of 75 | 0 of 155 | 0 of 145 | 0 of 155 | 0 of 155 |
| leave | 1 | act | 0 | 262 of 262 | 334 of 334 | 240 of 240 | 262 of 262 | 240 of 240 | 240 of 240 |
| leave | 2 | absent | 0 | — | 908 of 1030 | — | — | — | — |
| leave | 2 | absent | 1 | 3 of 3 | — | 1 of 1 | 3 of 3 | 1 of 1 | 1 of 1 |
| leave | 2 | absent | 2 | 1014 of 1014 | — | 991 of 991 | 1014 of 1014 | 991 of 991 | 991 of 991 |
| leave | 2 | decline | 0 | 0 of 2 | 69 of 369 | 0 of 1 | 0 of 2 | 0 of 1 | 0 of 1 |
| leave | 2 | decline | 1 | 115 of 839 | — | 0 of 848 | 115 of 839 | 0 of 848 | 0 of 848 |
| leave | 2 | act | 0 | — | 2249 of 2346 | 4 of 4 | — | 4 of 4 | 4 of 4 |
| leave | 2 | act | 1 | 1843 of 1843 | — | 1706 of 1706 | 1843 of 1843 | 1708 of 1708 | 1706 of 1706 |
| leave | 3 | decline | 0 | — | 182 of 302 | — | — | — | — |
| leave | 3 | decline | 1 | 0 of 100 | — | 0 of 3 | 0 of 100 | — | 0 of 3 |
| leave | 3 | decline | 2 | 607 of 607 | — | 0 of 629 | 607 of 607 | 0 of 633 | 0 of 629 |
| leave | 3 | act | 0 | — | 1572 of 1612 | — | — | — | — |
| leave | 3 | act | 1 | 141 of 141 | — | 5 of 5 | 141 of 141 | — | 5 of 5 |
| leave | 3 | act | 2 | 1054 of 1054 | — | 1189 of 1189 | 1054 of 1054 | 1202 of 1202 | 1189 of 1189 |

## Candidate reach

| cell | zero candidate-sensitive | mean blind internals | blind CW weight share (by member) | blind CW weight share (by origin) | leave `cfg0 == cfg1` | act rate: sensitive / blind |
|---|---:|---:|---:|---:|---:|---|
| `grp-role` | 24.3 % | 1.38 | 0.638 | 0.638 | 10442 of 14096 | 81.0 % / 95.8 % |
| `grp-role-blind` | 0.0 % | 0.00 | 0.000 | 0.000 | 8870 of 14229 | 93.8 % / n/a |
| `grp-topo` | 24.4 % | 1.38 | 0.638 | 0.427 | 10114 of 13531 | 79.8 % / 94.0 % |
| `grp-topo-id` | 24.3 % | 1.38 | 0.638 | 0.638 | 10442 of 14096 | 81.0 % / 95.8 % |
| `grp-topo-q` | 24.3 % | 1.38 | 0.638 | 0.522 | 10142 of 13562 | 79.8 % / 94.1 % |
| `grp-topo-solo` | 24.4 % | 1.38 | 0.638 | 0.244 | 10114 of 13531 | 79.8 % / 94.0 % |

## E-agree and the realised roster

| cell | roster 1 / 2 / 3 | empty role-slots | unanimous reads | margin p25 / median / p75 |
|---|---|---:|---:|---|
| `grp-role` | 98 / 343 / 159 | 539 of 1800 | 82.2 % of 12651 | 0.5000 / 0.5000 / 0.5000 |
| `grp-role-blind` | 98 / 343 / 159 | 539 of 1800 | 90.7 % of 12716 | 0.5000 / 0.5000 / 0.5000 |
| `grp-topo` | 98 / 343 / 159 | 539 of 1800 | 79.5 % of 12388 | 0.4996 / 0.5000 / 0.5000 |
| `grp-topo-id` | 98 / 343 / 159 | 539 of 1800 | 82.2 % of 12651 | 0.5000 / 0.5000 / 0.5000 |
| `grp-topo-q` | 98 / 343 / 159 | 539 of 1800 | 79.6 % of 12399 | 0.4994 / 0.5000 / 0.5000 |
| `grp-topo-solo` | 98 / 343 / 159 | 539 of 1800 | 79.5 % of 12388 | 0.5000 / 0.5000 / 0.5000 |

## Declines (a zero score is not a decline)

| cell | decisions | reads | declines_upstream | declines_missing_role | declines_no_demand | begin_task_rejections |
|---|---:|---:|---:|---:|---:|---:|
| `grp-role` | 12651 | 12651 | 0 | 0 | 0 | 0 |
| `grp-role-blind` | 12716 | 12716 | 0 | 0 | 0 | 0 |
| `grp-topo` | 12388 | 12388 | 0 | 0 | 0 | 0 |
| `grp-topo-id` | 12651 | 12651 | 0 | 0 | 0 | 0 |
| `grp-topo-q` | 12399 | 12399 | 0 | 0 | 0 | 0 |
| `grp-topo-solo` | 12388 | 12388 | 0 | 0 | 0 | 0 |

## Context (`wf-asis`, non-gating)

- `wf-asis` median PRIMARY: 0.1522
- `grp-role` strictly superior to `wf-asis` on 17/30 seeds
- `grp-role-blind` strictly superior to `wf-asis` on 0/30 seeds
- `grp-topo` strictly superior to `wf-asis` on 30/30 seeds
- `grp-topo-id` strictly superior to `wf-asis` on 17/30 seeds
- `grp-topo-q` strictly superior to `wf-asis` on 30/30 seeds
- `grp-topo-solo` strictly superior to `wf-asis` on 30/30 seeds

## Scoped clauses (prereg §6 and Amendment A2.4)

1. **Against `grp-role-blind`.** `grp-topo`'s median 0.4258 exceeds `grp-role-blind`'s 0.0123.
2. **A failed H-T.** does not apply: H-T passes.
3. **Against `wf-asis`.** H-T passes and `grp-topo`'s median 0.4258 exceeds `wf-asis`'s 0.1522.
4. **H-S's sentence.** *"every voter is candidate-sensitive on the centre-present reads and on no centre-absent read; the centre-absent share is 24.4 %"*
5. **The mirror of clause 2.** `grp-topo`'s median 0.4258 is at or above `grp-role`'s 0.1764: *"with the masks held fixed the candidate-blind voters are not load-bearing; EQ5b §3.2's reading was carried by its mask change"*.
6. **Who decides.** `grp-topo-solo` differs from `grp-topo` on 0 acts (positional, total length difference 0): *"on centre-present reads the routed group's act is the act of the candidate's own role query alone; the other voters decided no read; the result concerns who decides, not the aggregation of more than one candidate-informed opinion, and shows no group deliberating about a candidate."* Centre-present reads whose group act differs from the centre's argmax: `grp-topo` 0 of 9370 · `grp-topo-q` 8 of 9381 · `grp-topo-solo` 0 of 9370.
7. **Ratio without superiority.** does not apply.

VERDICT: VALIDATED (topology-routed group)
