# K7-2 — novelty on/off on the topology-routed group

- registration: K7-2 (koalisi #97)
- prereg: `docs/k7/prereg-K7-2-novelty-routed-group.md` (Amendments 1–4 included)
- koalisi: v0.40.0
- seeds: 150..180 (30 seeds)
- outcome signal: RoleCoverage
- world: `WorkflowSpec::default()` — universe_bits 8, pool 4..=16, caps_per_agent 1..=4, trust 20..=99, tasks 20, required_bits 2..=8, roles 3, redraw_cap 1000, fanout_denom 4, performance None

## Gates

- **X-battery** — checked outside this binary, conditional on the diff (prereg §5): `git diff --name-only v0.39.0..HEAD -- src Cargo.toml Cargo.lock`; a path under `src/` outside `src/harness/`, a dependency line in `Cargo.toml` or a foreign stanza in `Cargo.lock` puts on one serial run of `examples/strategy_comparison.rs` diffed against `docs/runs/K4-archive.log` with the latency column stripped (`docs/runs/README.md`); otherwise recorded not run.
- **X-host** — checked outside this binary: `cargo test --features harness,decision,process --test k7_group_host` (330..360 against `docs/runs/K4-archive.log`).
- **X-carry** — checked outside this binary: the same test binary (90..120 against `docs/runs/K7-1.log`).
- **S-nov** — checked outside this binary: `cargo test --features harness,decision,process --test k7_2_novelty` (hand-built fixture).
- **X-recon — PASS.** PRIMARY recomputed from the final member sets reconstructed from the arrival orders and the trace (every trace consumed exactly) against `WorkflowResult::primary`, bitwise, seeds passing per cell: `grp-topo` 30/30 · `grp-topo-nonov` 30/30 · `grp-role` 30/30 · `grp-role-nonov` 30/30 · `ref-prune` 30/30 · `ref-first` 30/30 · `ref-keep` 30/30.
- **S-determinism — PASS.** every group cell re-run from scratch and compared per seed on trace entries (leave flag, act, raw score bits), PRIMARY bits and churn, seeds identical per cell: `grp-topo` 30/30 · `grp-topo-nonov` 30/30 · `grp-role` 30/30 · `grp-role-nonov` 30/30.
- **Seed invariance — PASS.** `grp-topo` and `grp-topo-nonov` rebuilt with `battery_seed = seed ^ 0x9E3779B97F4A7C15`, same comparison, seeds identical per cell: `grp-topo` 30/30 · `grp-topo-nonov` 30/30.
- **S-learn (i) — PASS.** per seed and group cell `s_learn_exact()`, `models_moved(..).ok` with its `expected == 0` exemption at `S_LEARN_VACUITY_TOL` = 1e-9, `begin_task_rejections == 0`, seeds passing per cell: `grp-topo` 30/30 · `grp-topo-nonov` 30/30 · `grp-role` 30/30 · `grp-role-nonov` 30/30.
- **S-route — PASS.** per seed on `grp-topo` and `grp-topo-nonov` `routed_reads` == ledger reads with `candidate_sensitive >= 1` and `roster >= 2`, block total > 0; on `grp-role` and `grp-role-nonov` `routed_reads == 0`; seeds passing per cell: `grp-topo` 30/30 · `grp-topo-nonov` 30/30 · `grp-role` 30/30 · `grp-role-nonov` 30/30 · routed cells with block total > 0 2/2.

## Gate detail

- X-recon disclosure, not part of the predicate: recomputed churn equals `WorkflowResult::churn` on 210/210 cell-seeds.
- S-learn (i) exempt models (`expected == 0`), as `(seed, model)`:
-   `grp-topo`: (157, r0) · (162, r2) · (170, r0) · (177, r1)
-   `grp-topo-nonov`: (157, r0) · (162, r2) · (170, r0) · (177, r1)
-   `grp-role`: (157, r0) · (162, r2) · (170, r0) · (177, r1)
-   `grp-role-nonov`: (157, r0) · (162, r2) · (170, r0) · (177, r1)
- S-route block totals: `grp-topo` 8689 · `grp-topo-nonov` 7686 · `grp-role` 0 · `grp-role-nonov` 0.

## Arms (pooled; E-lat is record-only)

| arm | role | median PRIMARY | median churn | E-lat: median µs/decision |
|---|---|---:|---:|---:|
| `grp-topo` | contrast, novelty on | 0.4248 | 160.00 | 52.964 |
| `grp-topo-nonov` | contrast, novelty off | 0.1415 | 121.00 | 44.209 |
| `grp-role` | reference | 0.1696 | 209.00 | 50.287 |
| `grp-role-nonov` | reference | 0.1067 | 158.50 | 42.701 |
| `ref-prune` | reference | 0.4248 | 187.00 | 0.161 |
| `ref-first` | reference | 0.0000 | 0.00 | 0.032 |
| `ref-keep` | reference | 0.0801 | 0.00 | 0.032 |

## Per seed

| seed | n | `grp-topo` | `grp-topo-nonov` | `grp-role` | `grp-role-nonov` | `ref-prune` | `ref-first` | `ref-keep` | churn `grp-topo` | churn `grp-topo-nonov` |
|---:|---:|---:|---:|---:|---:|---:|---:|---:|---:|---:|
| 150 | 16 | 0.4392 | 0.2114 | 0.1970 | 0.1856 | 0.4392 | 0.0000 | 0.0625 | 254 | 203 |
| 151 | 14 | 0.3575 | 0.1209 | 0.1084 | 0.0402 | 0.3575 | 0.0000 | 0.0714 | 198 | 170 |
| 152 | 13 | 0.4130 | 0.1654 | 0.1720 | 0.0747 | 0.4130 | 0.0000 | 0.0769 | 165 | 125 |
| 153 | 12 | 0.3817 | 0.0922 | 0.1361 | 0.0545 | 0.3817 | 0.0000 | 0.0833 | 152 | 132 |
| 154 | 14 | 0.4050 | 0.1660 | 0.2131 | 0.1195 | 0.4050 | 0.0000 | 0.0714 | 206 | 145 |
| 155 | 15 | 0.4492 | 0.1173 | 0.1672 | 0.1190 | 0.4492 | 0.0000 | 0.0667 | 214 | 166 |
| 156 | 14 | 0.3650 | 0.1033 | 0.0669 | 0.0578 | 0.3650 | 0.0000 | 0.0714 | 190 | 117 |
| 157 | 7 | 0.5667 | 0.4734 | 0.5100 | 0.3825 | 0.5667 | 0.0000 | 0.1429 | 92 | 77 |
| 158 | 9 | 0.3442 | 0.1417 | 0.0284 | 0.0771 | 0.3442 | 0.0000 | 0.1111 | 104 | 81 |
| 159 | 16 | 0.3875 | 0.1134 | 0.0711 | 0.0938 | 0.3875 | 0.0000 | 0.0625 | 245 | 166 |
| 160 | 16 | 0.3050 | 0.0877 | 0.0381 | 0.0679 | 0.3050 | 0.0000 | 0.0625 | 236 | 166 |
| 161 | 11 | 0.3658 | 0.1130 | 0.0884 | 0.0686 | 0.3658 | 0.0068 | 0.0909 | 142 | 99 |
| 162 | 5 | 0.4975 | 0.2187 | 0.4975 | 0.1661 | 0.4975 | 0.0371 | 0.2000 | 52 | 36 |
| 163 | 6 | 0.5267 | 0.2857 | 0.3500 | 0.1414 | 0.5267 | 0.0112 | 0.1667 | 70 | 51 |
| 164 | 11 | 0.3975 | 0.1494 | 0.1347 | 0.0781 | 0.3975 | 0.0000 | 0.0909 | 152 | 96 |
| 165 | 10 | 0.4875 | 0.1110 | 0.4387 | 0.1225 | 0.4875 | 0.0000 | 0.1000 | 152 | 96 |
| 166 | 15 | 0.3233 | 0.1167 | 0.0469 | 0.0505 | 0.3233 | 0.0000 | 0.0667 | 221 | 144 |
| 167 | 9 | 0.3938 | 0.0640 | 0.0867 | 0.0570 | 0.3938 | 0.0000 | 0.1111 | 103 | 78 |
| 168 | 16 | 0.3800 | 0.1413 | 0.1383 | 0.0672 | 0.3800 | 0.0000 | 0.0625 | 255 | 157 |
| 169 | 6 | 0.5292 | 0.1787 | 0.3396 | 0.1433 | 0.5292 | 0.0098 | 0.1667 | 63 | 40 |
| 170 | 5 | 0.6250 | 0.1773 | 0.6250 | 0.2837 | 0.6250 | 0.0308 | 0.2000 | 61 | 41 |
| 171 | 6 | 0.5017 | 0.2873 | 0.3058 | 0.2346 | 0.5017 | 0.0000 | 0.1667 | 68 | 52 |
| 172 | 11 | 0.4267 | 0.1209 | 0.1035 | 0.0944 | 0.4267 | 0.0000 | 0.0909 | 155 | 91 |
| 173 | 8 | 0.4625 | 0.1334 | 0.3931 | 0.2287 | 0.4625 | 0.0000 | 0.1250 | 102 | 66 |
| 174 | 13 | 0.4750 | 0.1815 | 0.3004 | 0.2434 | 0.4750 | 0.0117 | 0.0769 | 203 | 155 |
| 175 | 14 | 0.4642 | 0.1459 | 0.1979 | 0.1243 | 0.4642 | 0.0000 | 0.0714 | 209 | 132 |
| 176 | 13 | 0.4230 | 0.0861 | 0.0927 | 0.0548 | 0.4230 | 0.0000 | 0.0769 | 186 | 135 |
| 177 | 4 | 0.5583 | 0.3087 | 0.5583 | 0.3125 | 0.5583 | 0.0000 | 0.2500 | 34 | 27 |
| 178 | 14 | 0.4833 | 0.1468 | 0.3563 | 0.1760 | 0.4833 | 0.0000 | 0.0714 | 224 | 147 |
| 179 | 16 | 0.3742 | 0.1388 | 0.1012 | 0.0502 | 0.3742 | 0.0000 | 0.0625 | 246 | 180 |

## The counted criterion (against cells of this battery)

- H-live conjunct 1 — `grp-topo-nonov` vs `grp-topo`, seeds with ≥ 1 raw-score-bit difference ≥ 18/30: 30/30 — **PASS**
- H-live conjunct 2 — seeds with ≥ 1 act difference ≥ 18/30: 30/30 — **PASS**
- H-live: **PASS**
- H-dead, `grp-topo` vs `ref-prune` — final member set identical on ≥ 570 of 600 tasks: 600 — **PASS**; PRIMARY bit-identical on ≥ 24/30 seeds: 30/30 — **PASS**
- H-dead, `grp-topo-nonov` vs `ref-prune` — final member set identical on ≥ 570 of 600 tasks: 244 — **FAIL**; PRIMARY bit-identical on ≥ 24/30 seeds: 0/30 — **FAIL**
- H-dead: **FAIL**
- H-move (read: H-dead fails):
  - `grp-topo` (novelty on) over `grp-topo-nonov` — other's median 0.1415 > 0 and ratio of medians ≥ 1.25×: 0.4248 / 0.1415 = 3.0017× — **PASS**; strictly superior on ≥ 18/30 seeds: 30/30 — **PASS**
  - `grp-topo-nonov` (novelty off) over `grp-topo` — other's median 0.4248 > 0 and ratio of medians ≥ 1.25×: 0.1415 / 0.4248 = 0.3331× — **FAIL**; strictly superior on ≥ 18/30 seeds: 0/30 — **FAIL**
- H-move: **PASS**

## S-live (disclosure — compared by position up to the shorter trace)

The ACT and score-bit counts are positional; an upper bound after the first divergence. *Seeds with any difference* is uncontaminated.

| `grp-topo-nonov` vs `grp-topo`, seed | decisions differing by ACT | decisions differing by raw score bits | length difference |
|---:|---:|---:|---:|
| 150 | 153 | 503 | 60 |
| 151 | 145 | 439 | 34 |
| 152 | 154 | 393 | 49 |
| 153 | 155 | 389 | 34 |
| 154 | 152 | 427 | 55 |
| 155 | 154 | 427 | 50 |
| 156 | 187 | 414 | 65 |
| 157 | 70 | 208 | 16 |
| 158 | 109 | 273 | 36 |
| 159 | 164 | 481 | 80 |
| 160 | 190 | 491 | 59 |
| 161 | 137 | 325 | 58 |
| 162 | 68 | 146 | 18 |
| 163 | 73 | 174 | 12 |
| 164 | 149 | 337 | 50 |
| 165 | 115 | 277 | 42 |
| 166 | 184 | 476 | 59 |
| 167 | 115 | 264 | 42 |
| 168 | 169 | 497 | 85 |
| 169 | 79 | 169 | 27 |
| 170 | 67 | 134 | 27 |
| 171 | 72 | 176 | 26 |
| 172 | 125 | 315 | 66 |
| 173 | 115 | 238 | 33 |
| 174 | 121 | 386 | 61 |
| 175 | 151 | 408 | 56 |
| 176 | 159 | 390 | 58 |
| 177 | 54 | 117 | 8 |
| 178 | 154 | 414 | 65 |
| 179 | 169 | 491 | 71 |

| `grp-role-nonov` vs `grp-role`, seed | decisions differing by ACT | decisions differing by raw score bits | length difference |
|---:|---:|---:|---:|
| 150 | 123 | 498 | 50 |
| 151 | 88 | 462 | 33 |
| 152 | 116 | 403 | 38 |
| 153 | 101 | 386 | 48 |
| 154 | 127 | 447 | 50 |
| 155 | 85 | 429 | 21 |
| 156 | 118 | 436 | 59 |
| 157 | 67 | 211 | 19 |
| 158 | 69 | 280 | 32 |
| 159 | 87 | 534 | 41 |
| 160 | 111 | 484 | 60 |
| 161 | 88 | 332 | 51 |
| 162 | 62 | 152 | 12 |
| 163 | 57 | 175 | 11 |
| 164 | 68 | 310 | 20 |
| 165 | 102 | 268 | 47 |
| 166 | 112 | 478 | 29 |
| 167 | 73 | 276 | 30 |
| 168 | 139 | 499 | 64 |
| 169 | 70 | 174 | 21 |
| 170 | 71 | 142 | 25 |
| 171 | 70 | 185 | 24 |
| 172 | 107 | 322 | 68 |
| 173 | 102 | 239 | 29 |
| 174 | 77 | 415 | 43 |
| 175 | 77 | 441 | 37 |
| 176 | 63 | 415 | 18 |
| 177 | 63 | 124 | 4 |
| 178 | 151 | 413 | 66 |
| 179 | 107 | 491 | 68 |

| pair (pooled) | decisions differing by ACT | decisions differing by raw score bits | seeds with any act difference | seeds with any score-bit difference | total length difference |
|---|---:|---:|---:|---:|---:|
| `grp-topo-nonov` vs `grp-topo` | 3909 | 10179 | 30/30 | 30/30 | 1402 |
| `grp-role-nonov` vs `grp-role` | 2751 | 10421 | 30/30 | 30/30 | 1118 |

## First divergence (disclosure)

| `grp-topo-nonov` vs `grp-topo`, seed | position of the first act difference | task index | read kind | cell that acted |
|---:|---:|---:|---|---|
| 150 | 62 | 2 | join | `grp-topo` |
| 151 | 27 | 1 | join | `grp-topo` |
| 152 | 26 | 1 | join | `grp-topo` |
| 153 | 0 | 0 | join | `grp-topo` |
| 154 | 0 | 0 | join | `grp-topo` |
| 155 | 46 | 1 | leave | `grp-topo` |
| 156 | 0 | 0 | join | `grp-topo` |
| 157 | 39 | 3 | join | `grp-topo` |
| 158 | 17 | 1 | join | `grp-topo` |
| 159 | 37 | 1 | join | `grp-topo` |
| 160 | 0 | 0 | join | `grp-topo` |
| 161 | 22 | 1 | join | `grp-topo` |
| 162 | 21 | 2 | join | `grp-topo` |
| 163 | 20 | 1 | leave | `grp-topo` |
| 164 | 24 | 1 | join | `grp-topo` |
| 165 | 19 | 1 | join | `grp-topo` |
| 166 | 0 | 0 | join | `grp-topo` |
| 167 | 18 | 1 | join | `grp-topo` |
| 168 | 32 | 1 | join | `grp-topo` |
| 169 | 17 | 1 | leave | `grp-topo` |
| 170 | 9 | 1 | join | `grp-topo` |
| 171 | 11 | 1 | join | `grp-topo` |
| 172 | 30 | 1 | join | `grp-topo` |
| 173 | 15 | 1 | join | `grp-topo` |
| 174 | 51 | 2 | join | `grp-topo` |
| 175 | 29 | 1 | join | `grp-topo` |
| 176 | 25 | 1 | join | `grp-topo` |
| 177 | 16 | 2 | join | `grp-topo` |
| 178 | 30 | 1 | join | `grp-topo` |
| 179 | 31 | 1 | join | `grp-topo` |

- pooled, `grp-topo-nonov` vs `grp-topo`: join read, `grp-topo` acted: 27 · join read, `grp-topo-nonov` acted: 0 · leave read, `grp-topo` acted: 3 · leave read, `grp-topo-nonov` acted: 0 · no act difference: 0
- pooled, `grp-topo-nonov` vs `grp-topo`, seeds by the task index of the first act difference: task 0: 5 · task 1: 20 · task 2: 4 · task 3: 1

| `grp-role-nonov` vs `grp-role`, seed | position of the first act difference | task index | read kind | cell that acted |
|---:|---:|---:|---|---|
| 150 | 25 | 0 | leave | `grp-role` |
| 151 | 27 | 1 | join | `grp-role` |
| 152 | 25 | 1 | join | `grp-role` |
| 153 | 0 | 0 | join | `grp-role` |
| 154 | 0 | 0 | join | `grp-role` |
| 155 | 27 | 0 | leave | `grp-role` |
| 156 | 0 | 0 | join | `grp-role` |
| 157 | 39 | 3 | join | `grp-role` |
| 158 | 13 | 0 | leave | `grp-role` |
| 159 | 37 | 1 | join | `grp-role` |
| 160 | 0 | 0 | join | `grp-role` |
| 161 | 23 | 1 | join | `grp-role` |
| 162 | 21 | 2 | join | `grp-role` |
| 163 | 7 | 0 | leave | `grp-role` |
| 164 | 19 | 0 | leave | `grp-role` |
| 165 | 19 | 1 | join | `grp-role` |
| 166 | 0 | 0 | join | `grp-role` |
| 167 | 18 | 1 | join | `grp-role` |
| 168 | 28 | 0 | leave | `grp-role` |
| 169 | 7 | 0 | leave | `grp-role` |
| 170 | 9 | 1 | join | `grp-role` |
| 171 | 11 | 1 | join | `grp-role` |
| 172 | 15 | 0 | leave | `grp-role` |
| 173 | 15 | 1 | join | `grp-role` |
| 174 | 88 | 3 | leave | `grp-role` |
| 175 | 33 | 1 | join | `grp-role` |
| 176 | 25 | 1 | join | `grp-role` |
| 177 | 16 | 2 | join | `grp-role` |
| 178 | 30 | 1 | join | `grp-role` |
| 179 | 31 | 1 | join | `grp-role` |

- pooled, `grp-role-nonov` vs `grp-role`: join read, `grp-role` acted: 21 · join read, `grp-role-nonov` acted: 0 · leave read, `grp-role` acted: 9 · leave read, `grp-role-nonov` acted: 0 · no act difference: 0
- pooled, `grp-role-nonov` vs `grp-role`, seeds by the task index of the first act difference: task 0: 13 · task 1: 13 · task 2: 2 · task 3: 2

## Against `ref-prune` (disclosure)

| cell | tasks with final member set identical to `ref-prune`'s | seeds with PRIMARY bit-identical to `ref-prune`'s | differing tasks whose (covered-step count, final size) equal `ref-prune`'s |
|---|---:|---:|---:|
| `grp-topo` | 100.0 % (600 of 600) | 30 of 30 | 0 of 0 |
| `grp-topo-nonov` | 40.7 % (244 of 600) | 0 of 30 | 4 of 356 |
| `grp-role` | 53.2 % (319 of 600) | 3 of 30 | 0 of 281 |
| `grp-role-nonov` | 31.5 % (189 of 600) | 0 of 30 | 2 of 411 |

## Against `ref-first` (disclosure)

| cell | tasks with final member set identical to `ref-first`'s | seeds with PRIMARY bit-identical to `ref-first`'s | differing tasks whose (covered-step count, final size) equal `ref-first`'s |
|---|---:|---:|---:|
| `grp-topo` | 0.8 % (5 of 600) | 0 of 30 | 3 of 595 |
| `grp-topo-nonov` | 9.3 % (56 of 600) | 0 of 30 | 16 of 544 |
| `grp-role` | 1.0 % (6 of 600) | 0 of 30 | 25 of 594 |
| `grp-role-nonov` | 13.7 % (82 of 600) | 0 of 30 | 22 of 518 |

## Against `ref-keep` (disclosure)

| cell | tasks with final member set identical to `ref-keep`'s | seeds with PRIMARY bit-identical to `ref-keep`'s | differing tasks whose (covered-step count, final size) equal `ref-keep`'s |
|---|---:|---:|---:|
| `grp-topo` | 0.2 % (1 of 600) | 0 of 30 | 0 of 599 |
| `grp-topo-nonov` | 1.3 % (8 of 600) | 0 of 30 | 0 of 592 |
| `grp-role` | 0.2 % (1 of 600) | 0 of 30 | 0 of 599 |
| `grp-role-nonov` | 4.3 % (26 of 600) | 0 of 30 | 0 of 574 |

### Amendment A3.3's pre-committed readings (non-gating)

- `grp-topo-nonov` matches `ref-keep` on 8 of 600 tasks (< 570, 95 % of tasks rounded up): the reading does not apply.
- `grp-topo-nonov` matches `ref-first` on 56 of 600 tasks (< 570, 95 % of tasks rounded up): the reading does not apply.

## Inside each pair (disclosure)

| pair | tasks with identical final member set | seeds with bit-identical PRIMARY | median PRIMARY off / on | ratio of medians off / on | seeds off strictly superior | seeds on strictly superior |
|---|---:|---:|---:|---:|---:|---:|
| `grp-topo-nonov` vs `grp-topo` | 40.7 % (244 of 600) | 0 of 30 | 0.1415 / 0.4248 | 0.3331× | 0/30 | 30/30 |
| `grp-role-nonov` vs `grp-role` | 36.7 % (220 of 600) | 0 of 30 | 0.1067 / 0.1696 | 0.6291× | 4/30 | 26/30 |

## E-follow (every group cell, all centre-present reads, from the `AgreementSample` ledger)

| cell | join reads: group act == centre's own argmax | leave reads | all reads | mean blind-origin mass share (all reads) |
|---|---:|---:|---:|---:|
| `grp-topo` | 99.9 % (4755 of 4759) | 100.0 % (4956 of 4956) | 100.0 % (9711 of 9715) | 0.413 |
| `grp-topo-nonov` | 96.1 % (4575 of 4759) | 100.0 % (3812 of 3812) | 97.9 % (8387 of 8571) | 0.409 |
| `grp-role` | 97.2 % (4626 of 4759) | 84.9 % (4387 of 5170) | 90.8 % (9013 of 9929) | 0.626 |
| `grp-role-nonov` | 86.3 % (4108 of 4759) | 79.9 % (3483 of 4359) | 83.3 % (7591 of 9118) | 0.620 |

## Outcome decomposition (K7-1 A2.3's; from the reconstruction)

| cell | roster | tasks | success rate | mean covered fraction | mean cov_eff | mean final size | tasks ending empty | final members whose role has no demand |
|---|---|---:|---:|---:|---:|---:|---:|---:|
| `grp-topo` | all | 600 | 100.0 % | 1.0000 | 0.4370 | 2.76 | 0 | 0 of 1654 |
| `grp-topo` | 1 | 118 | 100.0 % | 1.0000 | 0.7076 | 1.62 | 0 | 0 of 191 |
| `grp-topo` | 2 | 314 | 100.0 % | 1.0000 | 0.4319 | 2.46 | 0 | 0 of 773 |
| `grp-topo` | 3 | 168 | 100.0 % | 1.0000 | 0.2563 | 4.11 | 0 | 0 of 690 |
| `grp-topo-nonov` | all | 600 | 46.2 % | 0.7201 | 0.3411 | 2.73 | 6 | 232 of 1635 |
| `grp-topo-nonov` | 1 | 118 | 72.9 % | 0.7754 | 0.5344 | 2.08 | 0 | 62 of 245 |
| `grp-topo-nonov` | 2 | 314 | 45.2 % | 0.7059 | 0.3307 | 2.63 | 5 | 170 of 827 |
| `grp-topo-nonov` | 3 | 168 | 29.2 % | 0.7076 | 0.2247 | 3.35 | 1 | 0 of 563 |
| `grp-role` | all | 600 | 53.2 % | 0.6736 | 0.3789 | 1.54 | 133 | 0 of 927 |
| `grp-role` | 1 | 118 | 95.8 % | 0.9816 | 0.7090 | 1.58 | 0 | 0 of 186 |
| `grp-role` | 2 | 314 | 65.6 % | 0.8586 | 0.4244 | 2.13 | 4 | 0 of 668 |
| `grp-role` | 3 | 168 | 0.0 % | 0.1113 | 0.0619 | 0.43 | 129 | 0 of 73 |
| `grp-role-nonov` | all | 600 | 37.3 % | 0.5854 | 0.3274 | 1.99 | 56 | 87 of 1191 |
| `grp-role-nonov` | 1 | 118 | 69.5 % | 0.7472 | 0.5245 | 1.69 | 3 | 36 of 200 |
| `grp-role-nonov` | 2 | 314 | 43.6 % | 0.6306 | 0.3248 | 2.13 | 30 | 51 of 669 |
| `grp-role-nonov` | 3 | 168 | 3.0 % | 0.3875 | 0.1938 | 1.92 | 23 | 0 of 322 |
| `ref-prune` | all | 600 | 100.0 % | 1.0000 | 0.4370 | 2.76 | 0 | 0 of 1654 |
| `ref-prune` | 1 | 118 | 100.0 % | 1.0000 | 0.7076 | 1.62 | 0 | 0 of 191 |
| `ref-prune` | 2 | 314 | 100.0 % | 1.0000 | 0.4319 | 2.46 | 0 | 0 of 773 |
| `ref-prune` | 3 | 168 | 100.0 % | 1.0000 | 0.2563 | 4.11 | 0 | 0 of 690 |
| `ref-first` | all | 600 | 1.3 % | 0.1622 | 0.1622 | 1.00 | 0 | 133 of 600 |
| `ref-first` | 1 | 118 | 6.8 % | 0.1758 | 0.1758 | 1.00 | 0 | 65 of 118 |
| `ref-first` | 2 | 314 | 0.0 % | 0.1703 | 0.1703 | 1.00 | 0 | 68 of 314 |
| `ref-first` | 3 | 168 | 0.0 % | 0.1374 | 0.1374 | 1.00 | 0 | 0 of 168 |
| `ref-keep` | all | 600 | 100.0 % | 1.0000 | 0.1043 | 11.30 | 0 | 1554 of 6780 |
| `ref-keep` | 1 | 118 | 100.0 % | 1.0000 | 0.1215 | 9.89 | 0 | 623 of 1167 |
| `ref-keep` | 2 | 314 | 100.0 % | 1.0000 | 0.1080 | 11.11 | 0 | 931 of 3487 |
| `ref-keep` | 3 | 168 | 100.0 % | 1.0000 | 0.0854 | 12.65 | 0 | 0 of 2126 |

### Act rates and churn by centre (group cells, from the `AgreementSample` ledger)

| cell | join act: centre-present | join act: centre-absent | leave act: centre-present | leave act: centre-absent | churn: centre-present | churn: centre-absent | churn (harness) |
|---|---:|---:|---:|---:|---:|---:|---:|
| `grp-topo` | 94.3 % (4489 of 4759) | 92.8 % (1319 of 1421) | 66.6 % (3302 of 4956) | 100.0 % (1452 of 1452) | 3302 | 1452 | 4754 |
| `grp-topo-nonov` | 70.3 % (3345 of 4759) | 74.7 % (1061 of 1421) | 63.2 % (2409 of 3812) | 80.6 % (962 of 1194) | 2409 | 962 | 3371 |
| `grp-role` | 98.8 % (4703 of 4759) | 96.7 % (1374 of 1421) | 82.1 % (4243 of 5170) | 100.0 % (1507 of 1507) | 4243 | 1507 | 5750 |
| `grp-role-nonov` | 81.8 % (3892 of 4759) | 75.1 % (1067 of 1421) | 74.7 % (3255 of 4359) | 92.8 % (1113 of 1200) | 3255 | 1113 | 4368 |

### (read kind, roster, centre vote, blind act votes) → group acts of n

| read | roster | centre vote | blind act votes | `grp-topo` | `grp-topo-nonov` | `grp-role` | `grp-role-nonov` |
|---|---:|---|---:|---:|---:|---:|---:|
| join | 1 | absent | 0 | 0 of 51 | 0 of 183 | 0 of 29 | 0 of 170 |
| join | 1 | absent | 1 | 507 of 507 | 375 of 375 | 529 of 529 | 388 of 388 |
| join | 1 | decline | 0 | 0 of 9 | 0 of 150 | 0 of 6 | 0 of 128 |
| join | 1 | act | 0 | 482 of 482 | 341 of 341 | 485 of 485 | 363 of 363 |
| join | 2 | absent | 0 | 0 of 26 | 0 of 164 | 0 of 9 | 0 of 176 |
| join | 2 | absent | 1 | 143 of 168 | 398 of 411 | 85 of 94 | 235 of 243 |
| join | 2 | absent | 2 | 669 of 669 | 288 of 288 | 760 of 760 | 444 of 444 |
| join | 2 | decline | 0 | 0 of 27 | 0 of 344 | 0 of 14 | 0 of 333 |
| join | 2 | decline | 1 | 0 of 134 | 103 of 464 | 85 of 92 | 284 of 309 |
| join | 2 | act | 0 | 283 of 283 | 608 of 611 | 163 of 169 | 377 of 447 |
| join | 2 | act | 1 | 1866 of 1866 | 891 of 891 | 2035 of 2035 | 1221 of 1221 |
| join | 3 | decline | 0 | 0 of 4 | 0 of 119 | — | 0 of 120 |
| join | 3 | decline | 1 | 0 of 31 | 38 of 318 | 0 of 10 | 63 of 169 |
| join | 3 | decline | 2 | 4 of 69 | 39 of 195 | 29 of 29 | 149 of 149 |
| join | 3 | act | 0 | 39 of 39 | 213 of 214 | 0 of 13 | 80 of 162 |
| join | 3 | act | 1 | 357 of 357 | 597 of 597 | 170 of 170 | 372 of 375 |
| join | 3 | act | 2 | 1458 of 1458 | 515 of 515 | 1736 of 1736 | 983 of 983 |
| leave | 1 | absent | 0 | — | 0 of 62 | — | 0 of 36 |
| leave | 1 | absent | 1 | 572 of 572 | 378 of 378 | 594 of 594 | 417 of 417 |
| leave | 1 | decline | 0 | 0 of 191 | 0 of 183 | 0 of 186 | 0 of 164 |
| leave | 1 | act | 0 | 344 of 344 | 211 of 211 | 352 of 352 | 252 of 252 |
| leave | 2 | absent | 0 | — | 0 of 22 | — | 0 of 24 |
| leave | 2 | absent | 1 | — | 127 of 275 | — | 209 of 236 |
| leave | 2 | absent | 2 | 880 of 880 | 457 of 457 | 913 of 913 | 487 of 487 |
| leave | 2 | decline | 0 | — | 0 of 194 | — | 0 of 182 |
| leave | 2 | decline | 1 | 0 of 773 | 0 of 463 | 104 of 772 | 321 of 693 |
| leave | 2 | act | 0 | — | 325 of 325 | — | 237 of 301 |
| leave | 2 | act | 1 | 1622 of 1622 | 866 of 866 | 1757 of 1757 | 952 of 952 |
| leave | 3 | decline | 0 | — | 0 of 57 | — | 0 of 22 |
| leave | 3 | decline | 1 | — | 0 of 183 | 0 of 73 | 19 of 298 |
| leave | 3 | decline | 2 | 0 of 690 | 0 of 323 | 679 of 679 | 451 of 451 |
| leave | 3 | act | 0 | — | 76 of 76 | — | 9 of 30 |
| leave | 3 | act | 1 | — | 300 of 300 | 106 of 106 | 475 of 475 |
| leave | 3 | act | 2 | 1336 of 1336 | 631 of 631 | 1245 of 1245 | 539 of 539 |

## Task 0 against tasks ≥ 1 (disclosure; no task has been observed before task 0)

| cell | tasks | join-act rate | leave-act rate | success rate | mean final size |
|---|---|---:|---:|---:|---:|
| `grp-topo` | task 0 | 100.0 % (309 of 309) | 73.2 % (248 of 339) | 100.0 % | 3.03 |
| `grp-topo` | tasks ≥ 1 | 93.7 % (5499 of 5871) | 74.2 % (4506 of 6069) | 100.0 % | 2.74 |
| `grp-topo-nonov` | task 0 | 97.4 % (301 of 309) | 72.5 % (240 of 331) | 100.0 % | 3.03 |
| `grp-topo-nonov` | tasks ≥ 1 | 69.9 % (4105 of 5871) | 67.0 % (3131 of 4675) | 43.3 % | 2.71 |
| `grp-role` | task 0 | 100.0 % (309 of 309) | 84.1 % (285 of 339) | 70.0 % | 1.80 |
| `grp-role` | tasks ≥ 1 | 98.2 % (5768 of 5871) | 86.2 % (5465 of 6338) | 52.3 % | 1.53 |
| `grp-role-nonov` | task 0 | 97.4 % (301 of 309) | 77.6 % (257 of 331) | 70.0 % | 2.47 |
| `grp-role-nonov` | tasks ≥ 1 | 79.3 % (4658 of 5871) | 78.6 % (4111 of 5228) | 35.6 % | 1.96 |
| `ref-prune` | task 0 | 100.0 % (309 of 309) | 73.2 % (248 of 339) | 100.0 % | 3.03 |
| `ref-prune` | tasks ≥ 1 | 100.0 % (5871 of 5871) | 75.7 % (4878 of 6441) | 100.0 % | 2.74 |
| `ref-first` | task 0 | 0.0 % (0 of 309) | 0.0 % (0 of 30) | 3.3 % | 1.00 |
| `ref-first` | tasks ≥ 1 | 0.0 % (0 of 5871) | 0.0 % (0 of 570) | 1.2 % | 1.00 |
| `ref-keep` | task 0 | 100.0 % (309 of 309) | 0.0 % (0 of 339) | 100.0 % | 11.30 |
| `ref-keep` | tasks ≥ 1 | 100.0 % (5871 of 5871) | 0.0 % (0 of 6441) | 100.0 % | 11.30 |

## Centre-present reads by what the centre's query sees (disclosure)

Computed in this binary from the instance and the replayed trace. *Masks identical*: `cfg0 & required_r == cfg1 & required_r` for the candidate's role `r`, the masks as `coverage_masks` builds them under `RoleMatched`. *Window*: either of role `r`'s last two on-roster tasks ended with `RoleCoverage` `true` on a bit `r` requires now — a world-side stand-in for the engine's two-task replay window, not a read of it. Cells are group acts of reads.

Integrity check — per seed, the mirror's leave-query count and its unrestricted `cfg0 == cfg1` count equal `GroupAifCounters::leave_queries` and `leave_queries_identical`; seeds equal per cell: `grp-topo` 30/30 · `grp-topo-nonov` 30/30 · `grp-role` 30/30 · `grp-role-nonov` 30/30.

| cell | read | masks identical, window true | masks identical, window false | masks differ, window true | masks differ, window false |
|---|---|---:|---:|---:|---:|
| `grp-topo` | join | 78.5 % (988 of 1258) | 100.0 % (1065 of 1065) | 100.0 % (1454 of 1454) | 100.0 % (982 of 982) |
| `grp-topo` | leave | 100.0 % (1706 of 1706) | 100.0 % (1596 of 1596) | 0.0 % (0 of 1011) | 0.0 % (0 of 643) |
| `grp-topo-nonov` | join | 18.8 % (291 of 1545) | 87.6 % (1133 of 1293) | 100.0 % (702 of 702) | 100.0 % (1219 of 1219) |
| `grp-topo-nonov` | leave | 68.7 % (532 of 774) | 100.0 % (1766 of 1766) | 1.1 % (5 of 450) | 12.9 % (106 of 822) |
| `grp-role` | join | 94.4 % (728 of 771) | 99.4 % (1549 of 1559) | 99.8 % (880 of 882) | 99.9 % (1546 of 1547) |
| `grp-role` | leave | 100.0 % (1130 of 1130) | 100.0 % (2303 of 2303) | 31.5 % (206 of 655) | 55.8 % (604 of 1082) |
| `grp-role-nonov` | join | 45.8 % (496 of 1084) | 83.9 % (1317 of 1570) | 98.0 % (690 of 704) | 99.1 % (1389 of 1401) |
| `grp-role-nonov` | leave | 78.4 % (707 of 902) | 97.1 % (1955 of 2014) | 32.7 % (153 of 468) | 45.1 % (440 of 975) |


## Candidate reach

| cell | zero candidate-sensitive | mean blind internals | blind CW weight share (by member) | blind CW weight share (by origin) | leave `cfg0 == cfg1` | act rate: sensitive / blind |
|---|---:|---:|---:|---:|---:|---|
| `grp-topo` | 22.8 % | 1.37 | 0.625 | 0.413 | 10236 of 13735 | 80.2 % / 93.9 % |
| `grp-topo-nonov` | 23.4 % | 1.38 | 0.626 | 0.409 | 8011 of 10748 | 65.1 % / 66.9 % |
| `grp-role` | 22.8 % | 1.37 | 0.626 | 0.626 | 10589 of 14325 | 81.3 % / 96.0 % |
| `grp-role-nonov` | 22.3 % | 1.38 | 0.620 | 0.620 | 8908 of 12064 | 66.9 % / 73.3 % |

## Declines (a zero score is not a decline)

| cell | decisions | reads | declines_upstream | declines_missing_role | declines_no_demand | begin_task_rejections |
|---|---:|---:|---:|---:|---:|---:|
| `grp-topo` | 12588 | 12588 | 0 | 0 | 0 | 0 |
| `grp-topo-nonov` | 11186 | 11186 | 0 | 0 | 0 | 0 |
| `grp-role` | 12857 | 12857 | 0 | 0 | 0 | 0 |
| `grp-role-nonov` | 11739 | 11739 | 0 | 0 | 0 | 0 |

## Scoped clauses (prereg §6, reported under every verdict)

1. **The premise.** *"the contrast is the centre's query with and without the term only where the centre decides"*. E-follow over all centre-present reads: `grp-topo` 100.0 % (9711 of 9715) · `grp-topo-nonov` 97.9 % (8387 of 8571). *"on `grp-topo` the group's act differed from the centre's argmax on 4 of 9715 centre-present reads; on those reads the contrast is not the centre's query alone."* *"on `grp-topo-nonov` the group's act differed from the centre's argmax on 184 of 8571 centre-present reads; on those reads the contrast is not the centre's query alone."* E-follow does not see a centre whose soft read coincides with the blind vote; the votes table (A3.4) is where that shows.
2. **Against EQ5b's pair.** *"the ratio of medians novelty-off / novelty-on is 0.6291× on the unrouted pair and 0.3331× on the routed pair on this block."* (`grp-role-nonov` 0.1067 / `grp-role` 0.1696; `grp-topo-nonov` 0.1415 / `grp-topo` 0.4248.)
3. **Where the first divergence falls.** Pooled first-divergence seeds by read kind and acting cell: `grp-topo-nonov` vs `grp-topo` — join read, `grp-topo` acted: 27 · join read, `grp-topo-nonov` acted: 0 · leave read, `grp-topo` acted: 3 · leave read, `grp-topo-nonov` acted: 0 · no act difference: 0; `grp-role-nonov` vs `grp-role` — join read, `grp-role` acted: 21 · join read, `grp-role-nonov` acted: 0 · leave read, `grp-role` acted: 9 · leave read, `grp-role-nonov` acted: 0 · no act difference: 0.
4. **H-dead failing on one cell only.** `grp-topo-nonov` left `ref-prune` on 356 of 600 tasks (PRIMARY bit-identical on 0 of 30 seeds); the other routed cell passes both conjuncts.
5. **§4's note.**
   - **5a.** S-nov's redundant-member leave read: novelty-off declines where novelty-on acts on 0 of 1 fresh and 1 of 1 warmed; exact ties 0 of 1.
   - **5b.** *"3 of 30 seeds with an act difference have as first divergence a leave read on which `grp-topo` acts and `grp-topo-nonov` declines"*. That bucket is not strictly the largest of the four.
   - **5c.** §4's consequence, *the lock's dead at the outcome fails*, is **confirmed**: `grp-topo-nonov` fails one or both of its H-dead conjuncts (final member sets FAIL, PRIMARY bits FAIL).

## Reading

`FALSIFIED (novelty moves the outcome)` — *"novelty on is the better routed cell at the lineage bar (3.0017×, 30/30)"*. H-dead conjuncts failed: `grp-topo-nonov` final member sets (244 of 600, bar 570); `grp-topo-nonov` PRIMARY bits (0 of 30 seeds, bar 24). *"the better cell ends where the engine-free prune ends; the contrast measures the query without the term, not a gain over a rule with no engine."*

Continuation (Amendment A3.7) — `grp-topo` passes both of its H-dead conjuncts: the next registration moves the world (`OutcomeSignal::Performance` / `Both` with the harness's performance draw), on its own issue, next free K7 number, fresh seed block.

VERDICT: FALSIFIED (novelty moves the outcome)
